// Jest Snapshot v1, https://goo.gl/fbAQLP

exports[`Portfolio Card renders the component correctly 1`] = `
<section
  className="grid grid-cols-12 grid-rows-3 md:grid-rows-1 w-full md:items-center"
>
  <div
    className="row-start-1 row-end-3 md:row-span-full select-none pointer-events-none rounded-xl col-span-full md:col-start-1 md:col-end-8"
  >
    <div
      className="gatsby-image-wrapper gatsby-image-wrapper-constrained w-full h-full select-none pointer-events-none rounded-xl shadow-xl"
      data-gatsby-image-wrapper=""
      style={
        Object {
          "backgroundColor": undefined,
          "display": "inline-block",
          "overflow": "hidden",
          "position": "relative",
          "verticalAlign": "top",
        }
      }
    >
      <div
        style={
          Object {
            "display": "block",
            "maxWidth": 1200,
          }
        }
      >
        <img
          alt=""
          aria-hidden="true"
          role="presentation"
          src="data:image/svg+xml;charset=utf-8,%3Csvg height='675' width='1200' xmlns='http://www.w3.org/2000/svg' version='1.1'%3E%3C/svg%3E"
          style={
            Object {
              "display": "block",
              "maxWidth": "100%",
              "position": "static",
            }
          }
        />
      </div>
      <div
        aria-hidden={true}
        data-placeholder-image=""
        style={
          Object {
            "height": "100%",
            "left": 0,
            "position": "absolute",
            "top": 0,
            "width": "100%",
          }
        }
      />
      <picture>
        <source
          data-srcset=""
          sizes=""
          type=""
        />
        <img
          alt="Picture of TaskList"
          className="w-full h-full object-cover select-none pointer-events-none"
          data-gatsby-image-ssr=""
          data-main-image=""
          data-src=""
          decoding="async"
          loading="lazy"
          sizes=""
          style={
            Object {
              "backgroundColor": undefined,
              "height": "100%",
              "left": 0,
              "objectFit": undefined,
              "objectPosition": undefined,
              "opacity": 0,
              "position": "absolute",
              "top": 0,
              "transform": "translateZ(0)",
              "transition": "opacity 250ms linear",
              "width": "100%",
              "willChange": "opacity",
            }
          }
        />
      </picture>
      <noscript>
        <picture>
          <source
            sizes=""
            srcSet=""
            type=""
          />
          <img
            alt="Picture of TaskList"
            className="w-full h-full object-cover select-none pointer-events-none"
            data-gatsby-image-ssr=""
            data-main-image=""
            decoding="async"
            loading="lazy"
            sizes=""
            src=""
            style={
              Object {
                "backgroundColor": undefined,
                "height": "100%",
                "left": 0,
                "objectFit": undefined,
                "objectPosition": undefined,
                "opacity": 0,
                "position": "absolute",
                "top": 0,
                "transform": "translateZ(0)",
                "transition": "opacity 250ms linear",
                "width": "100%",
                "willChange": "opacity",
              }
            }
          />
        </picture>
      </noscript>
      <script
        dangerouslySetInnerHTML={
          Object {
            "__html": "const t=\\"undefined\\"!=typeof HTMLImageElement&&\\"loading\\"in HTMLImageElement.prototype;if(t){const t=document.querySelectorAll(\\"img[data-main-image]\\");for(let e of t){e.dataset.src&&(e.setAttribute(\\"src\\",e.dataset.src),e.removeAttribute(\\"data-src\\")),e.dataset.srcset&&(e.setAttribute(\\"srcset\\",e.dataset.srcset),e.removeAttribute(\\"data-srcset\\"));const t=e.parentNode.querySelectorAll(\\"source[data-srcset]\\");for(let e of t)e.setAttribute(\\"srcset\\",e.dataset.srcset),e.removeAttribute(\\"data-srcset\\");e.complete&&(e.style.opacity=1,e.parentNode.parentNode.querySelector(\\"[data-placeholder-image]\\").style.opacity=0)}}",
          }
        }
        type="module"
      />
    </div>
  </div>
  <div
    className="row-start-2 row-end-4 md:row-span-full z-[5] bg-white/95 backdrop-blur dark:bg-slate-900/95 py-8 px-6 rounded-xl shadow-lg place-self-end md:place-self-auto col-start-3 col-end-13 md:col-start-4 md:col-end-13 lg:col-start-7"
  >
    <h3
      className="mb-1 lg:mb-2 font-heading font-bold text-2xl text-slate-900 dark:text-slate-50"
    >
      <a
        className="overflow-hidden relative transition-all before:block before:absolute before:bottom-0 before:left-1/4 before:h-[3px] before:w-1/2 before:rounded-sm before:transition-all before:bg-current before:scale-x-0 hover:before:scale-x-100 focus:before:scale-x-100 outline-none pb-1 inline-block pb-2"
        href="https://tasklist-rutterjt.netlify.app/"
        rel="noreferrer"
        target="_blank"
      >
        TaskList
      </a>
    </h3>
    <p
      className="text-base mb-4"
      dangerouslySetInnerHTML={
        Object {
          "__html": "TaskList is a lightweight, intuitive, open source to-do list app, that supports tagging and filtering tasks by labels, due date, and priority level.",
        }
      }
    />
    <ul
      className="text-sm hidden md:flex flex-wrap mb-4 ml-0 -mt-4"
    >
      <li
        className="flex items-center ml-4 mt-4"
      >
        <div
          className="inline-block border-[1px] rounded-full py-1 px-3 transition-all relative group z-0 overflow-hidden"
          style={
            Object {
              "borderColor": "#61DAFB",
            }
          }
        >
          <div
            className="absolute top-0 left-0 right-0 bottom-0 -z-10 opacity-0 rounded-full transition-all"
            style={
              Object {
                "backgroundColor": "#61DAFB",
              }
            }
          />
          <div
            className="flex items-center"
            style={
              Object {
                "color": "#61DAFB",
              }
            }
          >
            <svg
              aria-hidden={true}
              className="mr-2 dark:text-white"
              fill="currentColor"
              height="1em"
              role="presentation"
              stroke="currentColor"
              strokeWidth="0"
              style={
                Object {
                  "color": undefined,
                }
              }
              viewBox="0 0 24 24"
              width="1em"
              xmlns="http://www.w3.org/2000/svg"
            >
              <title />
              <path
                d="M14.23 12.004a2.236 2.236 0 0 1-2.235 2.236 2.236 2.236 0 0 1-2.236-2.236 2.236 2.236 0 0 1 2.235-2.236 2.236 2.236 0 0 1 2.236 2.236zm2.648-10.69c-1.346 0-3.107.96-4.888 2.622-1.78-1.653-3.542-2.602-4.887-2.602-.41 0-.783.093-1.106.278-1.375.793-1.683 3.264-.973 6.365C1.98 8.917 0 10.42 0 12.004c0 1.59 1.99 3.097 5.043 4.03-.704 3.113-.39 5.588.988 6.38.32.187.69.275 1.102.275 1.345 0 3.107-.96 4.888-2.624 1.78 1.654 3.542 2.603 4.887 2.603.41 0 .783-.09 1.106-.275 1.374-.792 1.683-3.263.973-6.365C22.02 15.096 24 13.59 24 12.004c0-1.59-1.99-3.097-5.043-4.032.704-3.11.39-5.587-.988-6.38-.318-.184-.688-.277-1.092-.278zm-.005 1.09v.006c.225 0 .406.044.558.127.666.382.955 1.835.73 3.704-.054.46-.142.945-.25 1.44-.96-.236-2.006-.417-3.107-.534-.66-.905-1.345-1.727-2.035-2.447 1.592-1.48 3.087-2.292 4.105-2.295zm-9.77.02c1.012 0 2.514.808 4.11 2.28-.686.72-1.37 1.537-2.02 2.442-1.107.117-2.154.298-3.113.538-.112-.49-.195-.964-.254-1.42-.23-1.868.054-3.32.714-3.707.19-.09.4-.127.563-.132zm4.882 3.05c.455.468.91.992 1.36 1.564-.44-.02-.89-.034-1.345-.034-.46 0-.915.01-1.36.034.44-.572.895-1.096 1.345-1.565zM12 8.1c.74 0 1.477.034 2.202.093.406.582.802 1.203 1.183 1.86.372.64.71 1.29 1.018 1.946-.308.655-.646 1.31-1.013 1.95-.38.66-.773 1.288-1.18 1.87-.728.063-1.466.098-2.21.098-.74 0-1.477-.035-2.202-.093-.406-.582-.802-1.204-1.183-1.86-.372-.64-.71-1.29-1.018-1.946.303-.657.646-1.313 1.013-1.954.38-.66.773-1.286 1.18-1.868.728-.064 1.466-.098 2.21-.098zm-3.635.254c-.24.377-.48.763-.704 1.16-.225.39-.435.782-.635 1.174-.265-.656-.49-1.31-.676-1.947.64-.15 1.315-.283 2.015-.386zm7.26 0c.695.103 1.365.23 2.006.387-.18.632-.405 1.282-.66 1.933-.2-.39-.41-.783-.64-1.174-.225-.392-.465-.774-.705-1.146zm3.063.675c.484.15.944.317 1.375.498 1.732.74 2.852 1.708 2.852 2.476-.005.768-1.125 1.74-2.857 2.475-.42.18-.88.342-1.355.493-.28-.958-.646-1.956-1.1-2.98.45-1.017.81-2.01 1.085-2.964zm-13.395.004c.278.96.645 1.957 1.1 2.98-.45 1.017-.812 2.01-1.086 2.964-.484-.15-.944-.318-1.37-.5-1.732-.737-2.852-1.706-2.852-2.474 0-.768 1.12-1.742 2.852-2.476.42-.18.88-.342 1.356-.494zm11.678 4.28c.265.657.49 1.312.676 1.948-.64.157-1.316.29-2.016.39.24-.375.48-.762.705-1.158.225-.39.435-.788.636-1.18zm-9.945.02c.2.392.41.783.64 1.175.23.39.465.772.705 1.143-.695-.102-1.365-.23-2.006-.386.18-.63.406-1.282.66-1.933zM17.92 16.32c.112.493.2.968.254 1.423.23 1.868-.054 3.32-.714 3.708-.147.09-.338.128-.563.128-1.012 0-2.514-.807-4.11-2.28.686-.72 1.37-1.536 2.02-2.44 1.107-.118 2.154-.3 3.113-.54zm-11.83.01c.96.234 2.006.415 3.107.532.66.905 1.345 1.727 2.035 2.446-1.595 1.483-3.092 2.295-4.11 2.295-.22-.005-.406-.05-.553-.132-.666-.38-.955-1.834-.73-3.703.054-.46.142-.944.25-1.438zm4.56.64c.44.02.89.034 1.345.034.46 0 .915-.01 1.36-.034-.44.572-.895 1.095-1.345 1.565-.455-.47-.91-.993-1.36-1.565z"
              />
            </svg>
            <span
              className="text-slate-700 dark:text-slate-200 leading-none"
            >
              React
            </span>
          </div>
        </div>
      </li>
      <li
        className="flex items-center ml-4 mt-4"
      >
        <div
          className="inline-block border-[1px] rounded-full py-1 px-3 transition-all relative group z-0 overflow-hidden"
          style={
            Object {
              "borderColor": "#3178C6",
            }
          }
        >
          <div
            className="absolute top-0 left-0 right-0 bottom-0 -z-10 opacity-0 rounded-full transition-all"
            style={
              Object {
                "backgroundColor": "#3178C6",
              }
            }
          />
          <div
            className="flex items-center"
            style={
              Object {
                "color": "#3178C6",
              }
            }
          >
            <svg
              aria-hidden={true}
              className="mr-2 dark:text-white"
              fill="currentColor"
              height="1em"
              role="presentation"
              stroke="currentColor"
              strokeWidth="0"
              style={
                Object {
                  "color": undefined,
                }
              }
              viewBox="0 0 24 24"
              width="1em"
              xmlns="http://www.w3.org/2000/svg"
            >
              <title />
              <path
                d="M1.125 0C.502 0 0 .502 0 1.125v21.75C0 23.498.502 24 1.125 24h21.75c.623 0 1.125-.502 1.125-1.125V1.125C24 .502 23.498 0 22.875 0zm17.363 9.75c.612 0 1.154.037 1.627.111a6.38 6.38 0 0 1 1.306.34v2.458a3.95 3.95 0 0 0-.643-.361 5.093 5.093 0 0 0-.717-.26 5.453 5.453 0 0 0-1.426-.2c-.3 0-.573.028-.819.086a2.1 2.1 0 0 0-.623.242c-.17.104-.3.229-.393.374a.888.888 0 0 0-.14.49c0 .196.053.373.156.529.104.156.252.304.443.444s.423.276.696.41c.273.135.582.274.926.416.47.197.892.407 1.266.628.374.222.695.473.963.753.268.279.472.598.614.957.142.359.214.776.214 1.253 0 .657-.125 1.21-.373 1.656a3.033 3.033 0 0 1-1.012 1.085 4.38 4.38 0 0 1-1.487.596c-.566.12-1.163.18-1.79.18a9.916 9.916 0 0 1-1.84-.164 5.544 5.544 0 0 1-1.512-.493v-2.63a5.033 5.033 0 0 0 3.237 1.2c.333 0 .624-.03.872-.09.249-.06.456-.144.623-.25.166-.108.29-.234.373-.38a1.023 1.023 0 0 0-.074-1.089 2.12 2.12 0 0 0-.537-.5 5.597 5.597 0 0 0-.807-.444 27.72 27.72 0 0 0-1.007-.436c-.918-.383-1.602-.852-2.053-1.405-.45-.553-.676-1.222-.676-2.005 0-.614.123-1.141.369-1.582.246-.441.58-.804 1.004-1.089a4.494 4.494 0 0 1 1.47-.629 7.536 7.536 0 0 1 1.77-.201zm-15.113.188h9.563v2.166H9.506v9.646H6.789v-9.646H3.375z"
              />
            </svg>
            <span
              className="text-slate-700 dark:text-slate-200 leading-none"
            >
              TypeScript
            </span>
          </div>
        </div>
      </li>
      <li
        className="flex items-center ml-4 mt-4"
      >
        <div
          className="inline-block border-[1px] rounded-full py-1 px-3 transition-all relative group z-0 overflow-hidden"
          style={
            Object {
              "borderColor": "#0081CB",
            }
          }
        >
          <div
            className="absolute top-0 left-0 right-0 bottom-0 -z-10 opacity-0 rounded-full transition-all"
            style={
              Object {
                "backgroundColor": "#0081CB",
              }
            }
          />
          <div
            className="flex items-center"
            style={
              Object {
                "color": "#0081CB",
              }
            }
          >
            <svg
              aria-hidden={true}
              className="mr-2 dark:text-white"
              fill="currentColor"
              height="1em"
              role="presentation"
              stroke="currentColor"
              strokeWidth="0"
              style={
                Object {
                  "color": undefined,
                }
              }
              viewBox="0 0 24 24"
              width="1em"
              xmlns="http://www.w3.org/2000/svg"
            >
              <title />
              <path
                d="M0 2.475v10.39l3 1.733V7.67l6 3.465 6-3.465v3.465l-6 3.463v3.464l6 3.463 9-5.195V9.402l-3 1.733v3.463l-6 3.464-3-1.732 6-3.465V2.475L9 7.67 0 2.475zm24 0l-3 1.73V7.67l3-1.732V2.474Z"
              />
            </svg>
            <span
              className="text-slate-700 dark:text-slate-200 leading-none"
            >
              Material UI
            </span>
          </div>
        </div>
      </li>
    </ul>
    <div
      className="flex justify-end space-x-2 text-2xl"
    >
      <a
        aria-label="View project code"
        className="relative flex items-center justify-center group outline-none"
        href="https://github.com/rutterjt/tasklist"
        rel="noreferrer"
        style={
          Object {
            "fontSize": "1.5rem",
            "height": "3rem",
            "width": "3rem",
          }
        }
        target="_blank"
        title="Project code"
      >
        <svg
          aria-hidden={true}
          fill="currentColor"
          height="1em"
          role="presentation"
          stroke="currentColor"
          strokeWidth="0"
          style={
            Object {
              "color": undefined,
            }
          }
          viewBox="0 0 496 512"
          width="1em"
          xmlns="http://www.w3.org/2000/svg"
        >
          <path
            d="M165.9 397.4c0 2-2.3 3.6-5.2 3.6-3.3.3-5.6-1.3-5.6-3.6 0-2 2.3-3.6 5.2-3.6 3-.3 5.6 1.3 5.6 3.6zm-31.1-4.5c-.7 2 1.3 4.3 4.3 4.9 2.6 1 5.6 0 6.2-2s-1.3-4.3-4.3-5.2c-2.6-.7-5.5.3-6.2 2.3zm44.2-1.7c-2.9.7-4.9 2.6-4.6 4.9.3 2 2.9 3.3 5.9 2.6 2.9-.7 4.9-2.6 4.6-4.6-.3-1.9-3-3.2-5.9-2.9zM244.8 8C106.1 8 0 113.3 0 252c0 110.9 69.8 205.8 169.5 239.2 12.8 2.3 17.3-5.6 17.3-12.1 0-6.2-.3-40.4-.3-61.4 0 0-70 15-84.7-29.8 0 0-11.4-29.1-27.8-36.6 0 0-22.9-15.7 1.6-15.4 0 0 24.9 2 38.6 25.8 21.9 38.6 58.6 27.5 72.9 20.9 2.3-16 8.8-27.1 16-33.7-55.9-6.2-112.3-14.3-112.3-110.5 0-27.5 7.6-41.3 23.6-58.9-2.6-6.5-11.1-33.3 2.6-67.9 20.9-6.5 69 27 69 27 20-5.6 41.5-8.5 62.8-8.5s42.8 2.9 62.8 8.5c0 0 48.1-33.6 69-27 13.7 34.7 5.2 61.4 2.6 67.9 16 17.7 25.8 31.5 25.8 58.9 0 96.5-58.9 104.2-114.8 110.5 9.2 7.9 17 22.9 17 46.4 0 33.7-.3 75.4-.3 83.6 0 6.5 4.6 14.4 17.3 12.1C428.2 457.8 496 362.9 496 252 496 113.3 383.5 8 244.8 8zM97.2 352.9c-1.3 1-1 3.3.7 5.2 1.6 1.6 3.9 2.3 5.2 1 1.3-1 1-3.3-.7-5.2-1.6-1.6-3.9-2.3-5.2-1zm-10.8-8.1c-.7 1.3.3 2.9 2.3 3.9 1.6 1 3.6.7 4.3-.7.7-1.3-.3-2.9-2.3-3.9-2-.6-3.6-.3-4.3.7zm32.4 35.6c-1.6 1.3-1 4.3 1.3 6.2 2.3 2.3 5.2 2.6 6.5 1 1.3-1.3.7-4.3-1.3-6.2-2.2-2.3-5.2-2.6-6.5-1zm-11.4-14.7c-1.6 1-1.6 3.6 0 5.9 1.6 2.3 4.3 3.3 5.6 2.3 1.6-1.3 1.6-3.9 0-6.2-1.4-2.3-4-3.3-5.6-2z"
          />
        </svg>
        <div
          aria-hidden={true}
          className="absolute top-0 left-0 right-0 bottom-0 rounded-full transition-all border-2 border-current opacity-0 group-hover:opacity-100 group-focus:opacity-100 outline-none overflow-hidden"
        />
      </a>
      <a
        aria-label="View live site"
        className="relative flex items-center justify-center group outline-none"
        href="https://tasklist-rutterjt.netlify.app/"
        rel="noreferrer"
        style={
          Object {
            "fontSize": "1.5rem",
            "height": "3rem",
            "width": "3rem",
          }
        }
        target="_blank"
        title="Live site"
      >
        <svg
          aria-hidden={true}
          fill="none"
          height="1em"
          role="presentation"
          stroke="currentColor"
          strokeLinecap="round"
          strokeLinejoin="round"
          strokeWidth="2"
          style={
            Object {
              "color": undefined,
            }
          }
          viewBox="0 0 24 24"
          width="1em"
          xmlns="http://www.w3.org/2000/svg"
        >
          <path
            d="M18 13v6a2 2 0 0 1-2 2H5a2 2 0 0 1-2-2V8a2 2 0 0 1 2-2h6"
          />
          <polyline
            points="15 3 21 3 21 9"
          />
          <line
            x1="10"
            x2="21"
            y1="14"
            y2="3"
          />
        </svg>
        <div
          aria-hidden={true}
          className="absolute top-0 left-0 right-0 bottom-0 rounded-full transition-all border-2 border-current opacity-0 group-hover:opacity-100 group-focus:opacity-100 outline-none overflow-hidden"
        />
      </a>
    </div>
  </div>
</section>
`;

exports[`Portfolio Card renders the reversed component correctly 1`] = `
<section
  className="grid grid-cols-12 grid-rows-3 md:grid-rows-1 w-full md:items-center"
>
  <div
    className="row-start-1 row-end-3 md:row-span-full select-none pointer-events-none rounded-xl col-span-full md:col-start-6 md:col-end-13"
  >
    <div
      className="gatsby-image-wrapper gatsby-image-wrapper-constrained w-full h-full select-none pointer-events-none rounded-xl shadow-xl"
      data-gatsby-image-wrapper=""
      style={
        Object {
          "backgroundColor": undefined,
          "display": "inline-block",
          "overflow": "hidden",
          "position": "relative",
          "verticalAlign": "top",
        }
      }
    >
      <div
        style={
          Object {
            "display": "block",
            "maxWidth": 1200,
          }
        }
      >
        <img
          alt=""
          aria-hidden="true"
          role="presentation"
          src="data:image/svg+xml;charset=utf-8,%3Csvg height='675' width='1200' xmlns='http://www.w3.org/2000/svg' version='1.1'%3E%3C/svg%3E"
          style={
            Object {
              "display": "block",
              "maxWidth": "100%",
              "position": "static",
            }
          }
        />
      </div>
      <div
        aria-hidden={true}
        data-placeholder-image=""
        style={
          Object {
            "height": "100%",
            "left": 0,
            "position": "absolute",
            "top": 0,
            "width": "100%",
          }
        }
      />
      <picture>
        <source
          data-srcset=""
          sizes=""
          type=""
        />
        <img
          alt="Picture of TaskList"
          className="w-full h-full object-cover select-none pointer-events-none"
          data-gatsby-image-ssr=""
          data-main-image=""
          data-src=""
          decoding="async"
          loading="lazy"
          sizes=""
          style={
            Object {
              "backgroundColor": undefined,
              "height": "100%",
              "left": 0,
              "objectFit": undefined,
              "objectPosition": undefined,
              "opacity": 0,
              "position": "absolute",
              "top": 0,
              "transform": "translateZ(0)",
              "transition": "opacity 250ms linear",
              "width": "100%",
              "willChange": "opacity",
            }
          }
        />
      </picture>
      <noscript>
        <picture>
          <source
            sizes=""
            srcSet=""
            type=""
          />
          <img
            alt="Picture of TaskList"
            className="w-full h-full object-cover select-none pointer-events-none"
            data-gatsby-image-ssr=""
            data-main-image=""
            decoding="async"
            loading="lazy"
            sizes=""
            src=""
            style={
              Object {
                "backgroundColor": undefined,
                "height": "100%",
                "left": 0,
                "objectFit": undefined,
                "objectPosition": undefined,
                "opacity": 0,
                "position": "absolute",
                "top": 0,
                "transform": "translateZ(0)",
                "transition": "opacity 250ms linear",
                "width": "100%",
                "willChange": "opacity",
              }
            }
          />
        </picture>
      </noscript>
      <script
        dangerouslySetInnerHTML={
          Object {
            "__html": "const t=\\"undefined\\"!=typeof HTMLImageElement&&\\"loading\\"in HTMLImageElement.prototype;if(t){const t=document.querySelectorAll(\\"img[data-main-image]\\");for(let e of t){e.dataset.src&&(e.setAttribute(\\"src\\",e.dataset.src),e.removeAttribute(\\"data-src\\")),e.dataset.srcset&&(e.setAttribute(\\"srcset\\",e.dataset.srcset),e.removeAttribute(\\"data-srcset\\"));const t=e.parentNode.querySelectorAll(\\"source[data-srcset]\\");for(let e of t)e.setAttribute(\\"srcset\\",e.dataset.srcset),e.removeAttribute(\\"data-srcset\\");e.complete&&(e.style.opacity=1,e.parentNode.parentNode.querySelector(\\"[data-placeholder-image]\\").style.opacity=0)}}",
          }
        }
        type="module"
      />
    </div>
  </div>
  <div
    className="row-start-2 row-end-4 md:row-span-full z-[5] bg-white/95 backdrop-blur dark:bg-slate-900/95 py-8 px-6 rounded-xl shadow-lg place-self-end md:place-self-auto col-start-1 col-end-11 md:col-start-1 md:col-end-10 lg:col-end-7"
  >
    <h3
      className="mb-1 lg:mb-2 font-heading font-bold text-2xl text-slate-900 dark:text-slate-50"
    >
      <a
        className="overflow-hidden relative transition-all before:block before:absolute before:bottom-0 before:left-1/4 before:h-[3px] before:w-1/2 before:rounded-sm before:transition-all before:bg-current before:scale-x-0 hover:before:scale-x-100 focus:before:scale-x-100 outline-none pb-1 inline-block pb-2"
        href="https://tasklist-rutterjt.netlify.app/"
        rel="noreferrer"
        target="_blank"
      >
        TaskList
      </a>
    </h3>
    <p
      className="text-base mb-4"
      dangerouslySetInnerHTML={
        Object {
          "__html": "TaskList is a lightweight, intuitive, open source to-do list app, that supports tagging and filtering tasks by labels, due date, and priority level.",
        }
      }
    />
    <ul
      className="text-sm hidden md:flex flex-wrap mb-4 ml-0 -mt-4"
    >
      <li
        className="flex items-center ml-4 mt-4"
      >
        <div
          className="inline-block border-[1px] rounded-full py-1 px-3 transition-all relative group z-0 overflow-hidden"
          style={
            Object {
              "borderColor": "#61DAFB",
            }
          }
        >
          <div
            className="absolute top-0 left-0 right-0 bottom-0 -z-10 opacity-0 rounded-full transition-all"
            style={
              Object {
                "backgroundColor": "#61DAFB",
              }
            }
          />
          <div
            className="flex items-center"
            style={
              Object {
                "color": "#61DAFB",
              }
            }
          >
            <svg
              aria-hidden={true}
              className="mr-2 dark:text-white"
              fill="currentColor"
              height="1em"
              role="presentation"
              stroke="currentColor"
              strokeWidth="0"
              style={
                Object {
                  "color": undefined,
                }
              }
              viewBox="0 0 24 24"
              width="1em"
              xmlns="http://www.w3.org/2000/svg"
            >
              <title />
              <path
                d="M14.23 12.004a2.236 2.236 0 0 1-2.235 2.236 2.236 2.236 0 0 1-2.236-2.236 2.236 2.236 0 0 1 2.235-2.236 2.236 2.236 0 0 1 2.236 2.236zm2.648-10.69c-1.346 0-3.107.96-4.888 2.622-1.78-1.653-3.542-2.602-4.887-2.602-.41 0-.783.093-1.106.278-1.375.793-1.683 3.264-.973 6.365C1.98 8.917 0 10.42 0 12.004c0 1.59 1.99 3.097 5.043 4.03-.704 3.113-.39 5.588.988 6.38.32.187.69.275 1.102.275 1.345 0 3.107-.96 4.888-2.624 1.78 1.654 3.542 2.603 4.887 2.603.41 0 .783-.09 1.106-.275 1.374-.792 1.683-3.263.973-6.365C22.02 15.096 24 13.59 24 12.004c0-1.59-1.99-3.097-5.043-4.032.704-3.11.39-5.587-.988-6.38-.318-.184-.688-.277-1.092-.278zm-.005 1.09v.006c.225 0 .406.044.558.127.666.382.955 1.835.73 3.704-.054.46-.142.945-.25 1.44-.96-.236-2.006-.417-3.107-.534-.66-.905-1.345-1.727-2.035-2.447 1.592-1.48 3.087-2.292 4.105-2.295zm-9.77.02c1.012 0 2.514.808 4.11 2.28-.686.72-1.37 1.537-2.02 2.442-1.107.117-2.154.298-3.113.538-.112-.49-.195-.964-.254-1.42-.23-1.868.054-3.32.714-3.707.19-.09.4-.127.563-.132zm4.882 3.05c.455.468.91.992 1.36 1.564-.44-.02-.89-.034-1.345-.034-.46 0-.915.01-1.36.034.44-.572.895-1.096 1.345-1.565zM12 8.1c.74 0 1.477.034 2.202.093.406.582.802 1.203 1.183 1.86.372.64.71 1.29 1.018 1.946-.308.655-.646 1.31-1.013 1.95-.38.66-.773 1.288-1.18 1.87-.728.063-1.466.098-2.21.098-.74 0-1.477-.035-2.202-.093-.406-.582-.802-1.204-1.183-1.86-.372-.64-.71-1.29-1.018-1.946.303-.657.646-1.313 1.013-1.954.38-.66.773-1.286 1.18-1.868.728-.064 1.466-.098 2.21-.098zm-3.635.254c-.24.377-.48.763-.704 1.16-.225.39-.435.782-.635 1.174-.265-.656-.49-1.31-.676-1.947.64-.15 1.315-.283 2.015-.386zm7.26 0c.695.103 1.365.23 2.006.387-.18.632-.405 1.282-.66 1.933-.2-.39-.41-.783-.64-1.174-.225-.392-.465-.774-.705-1.146zm3.063.675c.484.15.944.317 1.375.498 1.732.74 2.852 1.708 2.852 2.476-.005.768-1.125 1.74-2.857 2.475-.42.18-.88.342-1.355.493-.28-.958-.646-1.956-1.1-2.98.45-1.017.81-2.01 1.085-2.964zm-13.395.004c.278.96.645 1.957 1.1 2.98-.45 1.017-.812 2.01-1.086 2.964-.484-.15-.944-.318-1.37-.5-1.732-.737-2.852-1.706-2.852-2.474 0-.768 1.12-1.742 2.852-2.476.42-.18.88-.342 1.356-.494zm11.678 4.28c.265.657.49 1.312.676 1.948-.64.157-1.316.29-2.016.39.24-.375.48-.762.705-1.158.225-.39.435-.788.636-1.18zm-9.945.02c.2.392.41.783.64 1.175.23.39.465.772.705 1.143-.695-.102-1.365-.23-2.006-.386.18-.63.406-1.282.66-1.933zM17.92 16.32c.112.493.2.968.254 1.423.23 1.868-.054 3.32-.714 3.708-.147.09-.338.128-.563.128-1.012 0-2.514-.807-4.11-2.28.686-.72 1.37-1.536 2.02-2.44 1.107-.118 2.154-.3 3.113-.54zm-11.83.01c.96.234 2.006.415 3.107.532.66.905 1.345 1.727 2.035 2.446-1.595 1.483-3.092 2.295-4.11 2.295-.22-.005-.406-.05-.553-.132-.666-.38-.955-1.834-.73-3.703.054-.46.142-.944.25-1.438zm4.56.64c.44.02.89.034 1.345.034.46 0 .915-.01 1.36-.034-.44.572-.895 1.095-1.345 1.565-.455-.47-.91-.993-1.36-1.565z"
              />
            </svg>
            <span
              className="text-slate-700 dark:text-slate-200 leading-none"
            >
              React
            </span>
          </div>
        </div>
      </li>
      <li
        className="flex items-center ml-4 mt-4"
      >
        <div
          className="inline-block border-[1px] rounded-full py-1 px-3 transition-all relative group z-0 overflow-hidden"
          style={
            Object {
              "borderColor": "#3178C6",
            }
          }
        >
          <div
            className="absolute top-0 left-0 right-0 bottom-0 -z-10 opacity-0 rounded-full transition-all"
            style={
              Object {
                "backgroundColor": "#3178C6",
              }
            }
          />
          <div
            className="flex items-center"
            style={
              Object {
                "color": "#3178C6",
              }
            }
          >
            <svg
              aria-hidden={true}
              className="mr-2 dark:text-white"
              fill="currentColor"
              height="1em"
              role="presentation"
              stroke="currentColor"
              strokeWidth="0"
              style={
                Object {
                  "color": undefined,
                }
              }
              viewBox="0 0 24 24"
              width="1em"
              xmlns="http://www.w3.org/2000/svg"
            >
              <title />
              <path
                d="M1.125 0C.502 0 0 .502 0 1.125v21.75C0 23.498.502 24 1.125 24h21.75c.623 0 1.125-.502 1.125-1.125V1.125C24 .502 23.498 0 22.875 0zm17.363 9.75c.612 0 1.154.037 1.627.111a6.38 6.38 0 0 1 1.306.34v2.458a3.95 3.95 0 0 0-.643-.361 5.093 5.093 0 0 0-.717-.26 5.453 5.453 0 0 0-1.426-.2c-.3 0-.573.028-.819.086a2.1 2.1 0 0 0-.623.242c-.17.104-.3.229-.393.374a.888.888 0 0 0-.14.49c0 .196.053.373.156.529.104.156.252.304.443.444s.423.276.696.41c.273.135.582.274.926.416.47.197.892.407 1.266.628.374.222.695.473.963.753.268.279.472.598.614.957.142.359.214.776.214 1.253 0 .657-.125 1.21-.373 1.656a3.033 3.033 0 0 1-1.012 1.085 4.38 4.38 0 0 1-1.487.596c-.566.12-1.163.18-1.79.18a9.916 9.916 0 0 1-1.84-.164 5.544 5.544 0 0 1-1.512-.493v-2.63a5.033 5.033 0 0 0 3.237 1.2c.333 0 .624-.03.872-.09.249-.06.456-.144.623-.25.166-.108.29-.234.373-.38a1.023 1.023 0 0 0-.074-1.089 2.12 2.12 0 0 0-.537-.5 5.597 5.597 0 0 0-.807-.444 27.72 27.72 0 0 0-1.007-.436c-.918-.383-1.602-.852-2.053-1.405-.45-.553-.676-1.222-.676-2.005 0-.614.123-1.141.369-1.582.246-.441.58-.804 1.004-1.089a4.494 4.494 0 0 1 1.47-.629 7.536 7.536 0 0 1 1.77-.201zm-15.113.188h9.563v2.166H9.506v9.646H6.789v-9.646H3.375z"
              />
            </svg>
            <span
              className="text-slate-700 dark:text-slate-200 leading-none"
            >
              TypeScript
            </span>
          </div>
        </div>
      </li>
      <li
        className="flex items-center ml-4 mt-4"
      >
        <div
          className="inline-block border-[1px] rounded-full py-1 px-3 transition-all relative group z-0 overflow-hidden"
          style={
            Object {
              "borderColor": "#0081CB",
            }
          }
        >
          <div
            className="absolute top-0 left-0 right-0 bottom-0 -z-10 opacity-0 rounded-full transition-all"
            style={
              Object {
                "backgroundColor": "#0081CB",
              }
            }
          />
          <div
            className="flex items-center"
            style={
              Object {
                "color": "#0081CB",
              }
            }
          >
            <svg
              aria-hidden={true}
              className="mr-2 dark:text-white"
              fill="currentColor"
              height="1em"
              role="presentation"
              stroke="currentColor"
              strokeWidth="0"
              style={
                Object {
                  "color": undefined,
                }
              }
              viewBox="0 0 24 24"
              width="1em"
              xmlns="http://www.w3.org/2000/svg"
            >
              <title />
              <path
                d="M0 2.475v10.39l3 1.733V7.67l6 3.465 6-3.465v3.465l-6 3.463v3.464l6 3.463 9-5.195V9.402l-3 1.733v3.463l-6 3.464-3-1.732 6-3.465V2.475L9 7.67 0 2.475zm24 0l-3 1.73V7.67l3-1.732V2.474Z"
              />
            </svg>
            <span
              className="text-slate-700 dark:text-slate-200 leading-none"
            >
              Material UI
            </span>
          </div>
        </div>
      </li>
    </ul>
    <div
      className="flex justify-end space-x-2 text-2xl"
    >
      <a
        aria-label="View project code"
        className="relative flex items-center justify-center group outline-none"
        href="https://github.com/rutterjt/tasklist"
        rel="noreferrer"
        style={
          Object {
            "fontSize": "1.5rem",
            "height": "3rem",
            "width": "3rem",
          }
        }
        target="_blank"
        title="Project code"
      >
        <svg
          aria-hidden={true}
          fill="currentColor"
          height="1em"
          role="presentation"
          stroke="currentColor"
          strokeWidth="0"
          style={
            Object {
              "color": undefined,
            }
          }
          viewBox="0 0 496 512"
          width="1em"
          xmlns="http://www.w3.org/2000/svg"
        >
          <path
            d="M165.9 397.4c0 2-2.3 3.6-5.2 3.6-3.3.3-5.6-1.3-5.6-3.6 0-2 2.3-3.6 5.2-3.6 3-.3 5.6 1.3 5.6 3.6zm-31.1-4.5c-.7 2 1.3 4.3 4.3 4.9 2.6 1 5.6 0 6.2-2s-1.3-4.3-4.3-5.2c-2.6-.7-5.5.3-6.2 2.3zm44.2-1.7c-2.9.7-4.9 2.6-4.6 4.9.3 2 2.9 3.3 5.9 2.6 2.9-.7 4.9-2.6 4.6-4.6-.3-1.9-3-3.2-5.9-2.9zM244.8 8C106.1 8 0 113.3 0 252c0 110.9 69.8 205.8 169.5 239.2 12.8 2.3 17.3-5.6 17.3-12.1 0-6.2-.3-40.4-.3-61.4 0 0-70 15-84.7-29.8 0 0-11.4-29.1-27.8-36.6 0 0-22.9-15.7 1.6-15.4 0 0 24.9 2 38.6 25.8 21.9 38.6 58.6 27.5 72.9 20.9 2.3-16 8.8-27.1 16-33.7-55.9-6.2-112.3-14.3-112.3-110.5 0-27.5 7.6-41.3 23.6-58.9-2.6-6.5-11.1-33.3 2.6-67.9 20.9-6.5 69 27 69 27 20-5.6 41.5-8.5 62.8-8.5s42.8 2.9 62.8 8.5c0 0 48.1-33.6 69-27 13.7 34.7 5.2 61.4 2.6 67.9 16 17.7 25.8 31.5 25.8 58.9 0 96.5-58.9 104.2-114.8 110.5 9.2 7.9 17 22.9 17 46.4 0 33.7-.3 75.4-.3 83.6 0 6.5 4.6 14.4 17.3 12.1C428.2 457.8 496 362.9 496 252 496 113.3 383.5 8 244.8 8zM97.2 352.9c-1.3 1-1 3.3.7 5.2 1.6 1.6 3.9 2.3 5.2 1 1.3-1 1-3.3-.7-5.2-1.6-1.6-3.9-2.3-5.2-1zm-10.8-8.1c-.7 1.3.3 2.9 2.3 3.9 1.6 1 3.6.7 4.3-.7.7-1.3-.3-2.9-2.3-3.9-2-.6-3.6-.3-4.3.7zm32.4 35.6c-1.6 1.3-1 4.3 1.3 6.2 2.3 2.3 5.2 2.6 6.5 1 1.3-1.3.7-4.3-1.3-6.2-2.2-2.3-5.2-2.6-6.5-1zm-11.4-14.7c-1.6 1-1.6 3.6 0 5.9 1.6 2.3 4.3 3.3 5.6 2.3 1.6-1.3 1.6-3.9 0-6.2-1.4-2.3-4-3.3-5.6-2z"
          />
        </svg>
        <div
          aria-hidden={true}
          className="absolute top-0 left-0 right-0 bottom-0 rounded-full transition-all border-2 border-current opacity-0 group-hover:opacity-100 group-focus:opacity-100 outline-none overflow-hidden"
        />
      </a>
      <a
        aria-label="View live site"
        className="relative flex items-center justify-center group outline-none"
        href="https://tasklist-rutterjt.netlify.app/"
        rel="noreferrer"
        style={
          Object {
            "fontSize": "1.5rem",
            "height": "3rem",
            "width": "3rem",
          }
        }
        target="_blank"
        title="Live site"
      >
        <svg
          aria-hidden={true}
          fill="none"
          height="1em"
          role="presentation"
          stroke="currentColor"
          strokeLinecap="round"
          strokeLinejoin="round"
          strokeWidth="2"
          style={
            Object {
              "color": undefined,
            }
          }
          viewBox="0 0 24 24"
          width="1em"
          xmlns="http://www.w3.org/2000/svg"
        >
          <path
            d="M18 13v6a2 2 0 0 1-2 2H5a2 2 0 0 1-2-2V8a2 2 0 0 1 2-2h6"
          />
          <polyline
            points="15 3 21 3 21 9"
          />
          <line
            x1="10"
            x2="21"
            y1="14"
            y2="3"
          />
        </svg>
        <div
          aria-hidden={true}
          className="absolute top-0 left-0 right-0 bottom-0 rounded-full transition-all border-2 border-current opacity-0 group-hover:opacity-100 group-focus:opacity-100 outline-none overflow-hidden"
        />
      </a>
    </div>
  </div>
</section>
`;
